../Core/Src/main.c:164:6:HAL_UART_RxCpltCallback	3
../Core/Src/main.c:180:6:HAL_TIM_PeriodElapsedCallback	4
../Core/Src/main.c:212:6:HAL_ADC_ConvCpltCallback	2
../Core/Src/main.c:229:5:main	12
../Core/Src/main.c:442:6:SystemClock_Config	3
../Core/Src/main.c:489:13:MX_ADC1_Init	3
../Core/Src/main.c:541:13:MX_I2C1_Init	2
../Core/Src/main.c:575:13:MX_SPI1_Init	2
../Core/Src/main.c:613:13:MX_TIM6_Init	3
../Core/Src/main.c:651:13:MX_TIM7_Init	3
../Core/Src/main.c:689:13:MX_TIM10_Init	2
../Core/Src/main.c:720:13:MX_TIM11_Init	2
../Core/Src/main.c:751:13:MX_UART4_Init	2
../Core/Src/main.c:784:13:MX_USART2_UART_Init	2
../Core/Src/main.c:817:13:MX_USART3_UART_Init	2
../Core/Src/main.c:850:13:MX_GPIO_Init	1
../Core/Src/main.c:920:9:I2C_Testsensor	2
../Core/Src/main.c:937:6:E220_CONFIG	3
../Core/Src/main.c:976:7:BME280_Get_Altitude	1
../Core/Src/main.c:985:8:user_i2c_read	3
../Core/Src/main.c:993:6:user_delay_ms	1
../Core/Src/main.c:997:8:user_i2c_write	2
../Core/Src/main.c:1010:6:union_converter	12
../Core/Src/main.c:1089:6:Altitude_Offset	3
../Core/Src/main.c:1108:6:Error_Handler	1
