../Core/Src/main.c:164:6:HAL_UART_RxCpltCallback	3
../Core/Src/main.c:180:6:HAL_TIM_PeriodElapsedCallback	4
../Core/Src/main.c:212:6:HAL_ADC_ConvCpltCallback	2
../Core/Src/main.c:229:5:main	12
../Core/Src/main.c:443:6:SystemClock_Config	3
../Core/Src/main.c:490:13:MX_ADC1_Init	3
../Core/Src/main.c:542:13:MX_I2C1_Init	2
../Core/Src/main.c:576:13:MX_SPI1_Init	2
../Core/Src/main.c:614:13:MX_TIM6_Init	3
../Core/Src/main.c:652:13:MX_TIM7_Init	3
../Core/Src/main.c:690:13:MX_TIM10_Init	2
../Core/Src/main.c:721:13:MX_TIM11_Init	2
../Core/Src/main.c:752:13:MX_UART4_Init	2
../Core/Src/main.c:785:13:MX_USART2_UART_Init	2
../Core/Src/main.c:818:13:MX_USART3_UART_Init	2
../Core/Src/main.c:851:13:MX_GPIO_Init	1
../Core/Src/main.c:921:9:I2C_Testsensor	2
../Core/Src/main.c:938:6:E220_CONFIG	3
../Core/Src/main.c:977:7:BME280_Get_Altitude	1
../Core/Src/main.c:986:8:user_i2c_read	3
../Core/Src/main.c:994:6:user_delay_ms	1
../Core/Src/main.c:998:8:user_i2c_write	2
../Core/Src/main.c:1011:6:union_converter	12
../Core/Src/main.c:1098:6:Altitude_Offset	3
../Core/Src/main.c:1117:6:Error_Handler	1
